// Jest Snapshot v1, https://goo.gl/fbAQLP

exports[`renders empty list correctly 1`] = `
<DocumentFragment>
  <div
    class="css-1czs6r7"
  >
    <div />
    <p
      class="MuiTypography-root MuiTypography-body1"
    >
      Kerro jotain tilanteestasi saadaksesi suosituksia.
    </p>
    <div
      class="css-0"
    />
  </div>
</DocumentFragment>
`;

exports[`renders non-empty list correctly 1`] = `
<DocumentFragment>
  <div
    class="css-1czs6r7"
  >
    <div />
    <div
      class="MuiPaper-root MuiCard-root css-1iszrn9 MuiPaper-elevation1 MuiPaper-rounded"
    >
      <div
        class="MuiCardHeader-root"
      >
        <div
          class="MuiCardHeader-content"
        >
          <span
            class="MuiTypography-root MuiCardHeader-title MuiTypography-h5 MuiTypography-displayBlock"
          >
            <div
              class="css-oj1ggt"
            >
              <div
                class="css-14yu5aj"
              >
                <h3
                  class="MuiTypography-root organization-name MuiTypography-body1"
                />
                <h2
                  class="MuiTypography-root service-name MuiTypography-h1"
                  lang="fi"
                >
                  <a
                    class="css-shy10a"
                    href="/1"
                  >
                    <span
                      class="link-content"
                    >
                      Esimerkkipalvelu
                    </span>
                  </a>
                </h2>
                <h3
                  class="MuiTypography-root service-area MuiTypography-body1"
                />
              </div>
            </div>
          </span>
        </div>
      </div>
      <div
        class="MuiCardContent-root"
      >
        <div
          class="css-1anmknu"
        >
          <div
            class="description"
            lang="fi"
          >
            Tämä on palvelun kuvaus.
          </div>
        </div>
      </div>
      <div
        class="MuiCardContent-root"
      />
    </div>
    <div
      class="css-0"
    />
  </div>
  <button
    class="MuiButtonBase-root MuiIconButton-root hidden css-lqwbw1-ScrollToButton"
    tabindex="0"
    type="button"
  >
    <span
      class="MuiIconButton-label"
    >
      <svg
        aria-hidden="true"
        class="svg-inline--fa fa-circle-arrow-up fontawesome-icon"
        color="white"
        data-icon="circle-arrow-up"
        data-prefix="fas"
        focusable="false"
        role="img"
        viewBox="0 0 512 512"
        xmlns="http://www.w3.org/2000/svg"
      >
        <path
          d="M256 0C114.6 0 0 114.6 0 256c0 141.4 114.6 256 256 256s256-114.6 256-256C512 114.6 397.4 0 256 0zM382.6 254.6c-12.5 12.5-32.75 12.5-45.25 0L288 205.3V384c0 17.69-14.33 32-32 32s-32-14.31-32-32V205.3L174.6 254.6c-12.5 12.5-32.75 12.5-45.25 0s-12.5-32.75 0-45.25l103.1-103.1C241.3 97.4 251.1 96 256 96c4.881 0 14.65 1.391 22.65 9.398l103.1 103.1C395.1 221.9 395.1 242.1 382.6 254.6z"
          fill="currentColor"
        />
      </svg>
    </span>
  </button>
</DocumentFragment>
`;
